// Jest Snapshot v1, https://goo.gl/fbAQLP

exports[`should render private route 1`] = `<div />`;
